2026-09-18T10:19:53.883029+00:00 START batch
1 g COMMITTED
1 r COMMITTED
1 z COMMITTED
2 g COMMITTED
2 r COMMITTED
2 z COMMITTED
4 g COMMITTED
4 r COMMITTED
4 z COMMITTED
6 g COMMITTED
6 r COMMITTED
6 z COMMITTED
7 g COMMITTED
7 r COMMITTED
7 z COMMITTED
8 g COMMITTED
8 r COMMITTED
8 z COMMITTED
9 g COMMITTED
9 r COMMITTED
9 z COMMITTED
10 g COMMITTED
10 r COMMITTED
10 z COMMITTED
11 g COMMITTED
11 r COMMITTED
11 z COMMITTED
12 g COMMITTED
12 r COMMITTED
12 z COMMITTED
3 g COMMITTED
3 r COMMITTED
3 z COMMITTED
5 g COMMITTED
5 r COMMITTED
5 z COMMITTED
2026-09-18T10:21:14.410057+00:00 C0_CACHED_SUPPORT_OK
