2026-09-18T00:56:24.424543+00:00 START batch
1 g CHECKPOINT_COMMITTED
1 r CHECKPOINT_COMMITTED
1 z CHECKPOINT_COMMITTED
2 g CHECKPOINT_COMMITTED
2 r CHECKPOINT_COMMITTED
2 z CHECKPOINT_COMMITTED
4 g CHECKPOINT_COMMITTED
4 r CHECKPOINT_COMMITTED
4 z CHECKPOINT_COMMITTED
6 g CHECKPOINT_COMMITTED
6 r CHECKPOINT_COMMITTED
6 z CHECKPOINT_COMMITTED
7 g CHECKPOINT_COMMITTED
7 r CHECKPOINT_COMMITTED
7 z CHECKPOINT_COMMITTED
8 g CHECKPOINT_COMMITTED
8 r CHECKPOINT_COMMITTED
8 z CHECKPOINT_COMMITTED
9 g CHECKPOINT_COMMITTED
9 r CHECKPOINT_COMMITTED
9 z CHECKPOINT_COMMITTED
10 g CHECKPOINT_COMMITTED
10 r CHECKPOINT_COMMITTED
10 z CHECKPOINT_COMMITTED
11 g CHECKPOINT_COMMITTED
11 r CHECKPOINT_COMMITTED
11 z CHECKPOINT_COMMITTED
12 g CHECKPOINT_COMMITTED
12 r CHECKPOINT_COMMITTED
12 z CHECKPOINT_COMMITTED
3 g CHECKPOINT_COMMITTED
3 r CHECKPOINT_COMMITTED
3 z CHECKPOINT_COMMITTED
5 g CHECKPOINT_COMMITTED
5 r CHECKPOINT_COMMITTED
5 z CHECKPOINT_COMMITTED
2026-09-18T00:57:06.005151+00:00 COMPLETE C0_OPERATOR_SUPPORT_OK
