Collecting numpy==2.5.3 (from -r oc3/requirements.lock (line 3))
  Downloading numpy-2.5.3-cp312-cp312-manylinux_2_27_x86_64.manylinux_2_28_x86_64.whl.metadata (6.6 kB)
Collecting astropy==8.0.1 (from -r oc3/requirements.lock (line 4))
  Downloading astropy-8.0.1-cp311-abi3-manylinux2014_x86_64.manylinux_2_17_x86_64.manylinux_2_28_x86_64.whl.metadata (11 kB)
Collecting pyarrow==25.0.1 (from -r oc3/requirements.lock (line 5))
  Downloading pyarrow-25.0.1-cp312-cp312-manylinux_2_28_x86_64.whl.metadata (3.0 kB)
Collecting astropy-iers-data>=0.2026.6.22.1.23.34 (from astropy==8.0.1->-r oc3/requirements.lock (line 4))
  Downloading astropy_iers_data-0.2026.9.14.0.56.43-py3-none-any.whl.metadata (3.4 kB)
Collecting packaging>=25.0 (from astropy==8.0.1->-r oc3/requirements.lock (line 4))
  Downloading packaging-26.3-py3-none-any.whl.metadata (3.5 kB)
Collecting pyerfa>=2.0.1.3 (from astropy==8.0.1->-r oc3/requirements.lock (line 4))
  Downloading pyerfa-2.0.1.5-cp39-abi3-manylinux_2_17_x86_64.manylinux2014_x86_64.whl.metadata (5.7 kB)
Collecting PyYAML>=6.0.0 (from astropy==8.0.1->-r oc3/requirements.lock (line 4))
  Downloading pyyaml-6.0.3-cp312-cp312-manylinux2014_x86_64.manylinux_2_17_x86_64.manylinux_2_28_x86_64.whl.metadata (2.4 kB)
Downloading numpy-2.5.3-cp312-cp312-manylinux_2_27_x86_64.manylinux_2_28_x86_64.whl (16.7 MB)
   ━━━━━━━━━━━━━━━━━━━━━━━━━━━━━━━━━━━━━━━━ 16.7/16.7 MB 8.6 MB/s eta 0:00:00
Downloading astropy-8.0.1-cp311-abi3-manylinux2014_x86_64.manylinux_2_17_x86_64.manylinux_2_28_x86_64.whl (10.5 MB)
   ━━━━━━━━━━━━━━━━━━━━━━━━━━━━━━━━━━━━━━━━ 10.5/10.5 MB 10.4 MB/s eta 0:00:00
Downloading pyarrow-25.0.1-cp312-cp312-manylinux_2_28_x86_64.whl (50.1 MB)
   ━━━━━━━━━━━━━━━━━━━━━━━━━━━━━━━━━━━━━━━━ 50.1/50.1 MB 11.1 MB/s eta 0:00:00
Downloading astropy_iers_data-0.2026.9.14.0.56.43-py3-none-any.whl (2.0 MB)
   ━━━━━━━━━━━━━━━━━━━━━━━━━━━━━━━━━━━━━━━━ 2.0/2.0 MB 11.4 MB/s eta 0:00:00
Downloading packaging-26.3-py3-none-any.whl (129 kB)
Downloading pyerfa-2.0.1.5-cp39-abi3-manylinux_2_17_x86_64.manylinux2014_x86_64.whl (738 kB)
   ━━━━━━━━━━━━━━━━━━━━━━━━━━━━━━━━━━━━━━━━ 738.7/738.7 kB 11.3 MB/s eta 0:00:00
Downloading pyyaml-6.0.3-cp312-cp312-manylinux2014_x86_64.manylinux_2_17_x86_64.manylinux_2_28_x86_64.whl (807 kB)
   ━━━━━━━━━━━━━━━━━━━━━━━━━━━━━━━━━━━━━━━━ 807.9/807.9 kB 10.1 MB/s eta 0:00:00
Installing collected packages: PyYAML, pyarrow, packaging, numpy, astropy-iers-data, pyerfa, astropy
Successfully installed PyYAML-6.0.3 astropy-8.0.1 astropy-iers-data-0.2026.9.14.0.56.43 numpy-2.5.3 packaging-26.3 pyarrow-25.0.1 pyerfa-2.0.1.5
